23:28:31 **** Clean-only build of configuration Debug for project test_uart ****
make clean 
rm -rf  ./src/helloworld.o ./src/platform.o  ./src/helloworld.d ./src/platform.d  test_uart.elf.size  test_uart.elf
 
23:28:31 **** Clean-only build of project test_uart_bsp ****
make -k clean 
rm -f ps7_cortexa9_0/lib/libxil.a
23:28:31 **** Build of project test_uart_bsp ****
make -k all 
"Running Make include in ps7_cortexa9_0/libsrc/coresightps_dcc_v1_2/src"
make -C ps7_cortexa9_0/libsrc/coresightps_dcc_v1_2/src -s include  "SHELL=CMD" "COMPILER=arm-none-eabi-gcc" "ARCHIVER=arm-none-eabi-ar" "COMPILER_FLAGS=  -O2 -c" "EXTRA_COMPILER_FLAGS=-mcpu=cortex-a9 -mfpu=vfpv3 -mfloat-abi=hard -nostartfiles"
"Running Make include in ps7_cortexa9_0/libsrc/cpu_cortexa9_v2_2/src"
make -C ps7_cortexa9_0/libsrc/cpu_cortexa9_v2_2/src -s include  "SHELL=CMD" "COMPILER=arm-none-eabi-gcc" "ARCHIVER=arm-none-eabi-ar" "COMPILER_FLAGS=  -O2 -c" "EXTRA_COMPILER_FLAGS=-mcpu=cortex-a9 -mfpu=vfpv3 -mfloat-abi=hard -nostartfiles"
"Running Make include in ps7_cortexa9_0/libsrc/ddrps_v1_0/src"
make -C ps7_cortexa9_0/libsrc/ddrps_v1_0/src -s include  "SHELL=CMD" "COMPILER=arm-none-eabi-gcc" "ARCHIVER=arm-none-eabi-ar" "COMPILER_FLAGS=  -O2 -c" "EXTRA_COMPILER_FLAGS=-mcpu=cortex-a9 -mfpu=vfpv3 -mfloat-abi=hard -nostartfiles"
"Running Make include in ps7_cortexa9_0/libsrc/devcfg_v3_4/src"
make -C ps7_cortexa9_0/libsrc/devcfg_v3_4/src -s include  "SHELL=CMD" "COMPILER=arm-none-eabi-gcc" "ARCHIVER=arm-none-eabi-ar" "COMPILER_FLAGS=  -O2 -c" "EXTRA_COMPILER_FLAGS=-mcpu=cortex-a9 -mfpu=vfpv3 -mfloat-abi=hard -nostartfiles"
"Running Make include in ps7_cortexa9_0/libsrc/dmaps_v2_1/src"
make -C ps7_cortexa9_0/libsrc/dmaps_v2_1/src -s include  "SHELL=CMD" "COMPILER=arm-none-eabi-gcc" "ARCHIVER=arm-none-eabi-ar" "COMPILER_FLAGS=  -O2 -c" "EXTRA_COMPILER_FLAGS=-mcpu=cortex-a9 -mfpu=vfpv3 -mfloat-abi=hard -nostartfiles"
"Running Make include in ps7_cortexa9_0/libsrc/gpiops_v3_1/src"
make -C ps7_cortexa9_0/libsrc/gpiops_v3_1/src -s include  "SHELL=CMD" "COMPILER=arm-none-eabi-gcc" "ARCHIVER=arm-none-eabi-ar" "COMPILER_FLAGS=  -O2 -c" "EXTRA_COMPILER_FLAGS=-mcpu=cortex-a9 -mfpu=vfpv3 -mfloat-abi=hard -nostartfiles"
"Running Make include in ps7_cortexa9_0/libsrc/qspips_v3_3/src"
make -C ps7_cortexa9_0/libsrc/qspips_v3_3/src -s include  "SHELL=CMD" "COMPILER=arm-none-eabi-gcc" "ARCHIVER=arm-none-eabi-ar" "COMPILER_FLAGS=  -O2 -c" "EXTRA_COMPILER_FLAGS=-mcpu=cortex-a9 -mfpu=vfpv3 -mfloat-abi=hard -nostartfiles"
"Running Make include in ps7_cortexa9_0/libsrc/scugic_v3_3/src"
make -C ps7_cortexa9_0/libsrc/scugic_v3_3/src -s include  "SHELL=CMD" "COMPILER=arm-none-eabi-gcc" "ARCHIVER=arm-none-eabi-ar" "COMPILER_FLAGS=  -O2 -c" "EXTRA_COMPILER_FLAGS=-mcpu=cortex-a9 -mfpu=vfpv3 -mfloat-abi=hard -nostartfiles"
"Running Make include in ps7_cortexa9_0/libsrc/scutimer_v2_1/src"
make -C ps7_cortexa9_0/libsrc/scutimer_v2_1/src -s include  "SHELL=CMD" "COMPILER=arm-none-eabi-gcc" "ARCHIVER=arm-none-eabi-ar" "COMPILER_FLAGS=  -O2 -c" "EXTRA_COMPILER_FLAGS=-mcpu=cortex-a9 -mfpu=vfpv3 -mfloat-abi=hard -nostartfiles"
"Running Make include in ps7_cortexa9_0/libsrc/scuwdt_v2_1/src"
make -C ps7_cortexa9_0/libsrc/scuwdt_v2_1/src -s include  "SHELL=CMD" "COMPILER=arm-none-eabi-gcc" "ARCHIVER=arm-none-eabi-ar" "COMPILER_FLAGS=  -O2 -c" "EXTRA_COMPILER_FLAGS=-mcpu=cortex-a9 -mfpu=vfpv3 -mfloat-abi=hard -nostartfiles"
"Running Make include in ps7_cortexa9_0/libsrc/standalone_v5_5/src"
make -C ps7_cortexa9_0/libsrc/standalone_v5_5/src -s include  "SHELL=CMD" "COMPILER=arm-none-eabi-gcc" "ARCHIVER=arm-none-eabi-ar" "COMPILER_FLAGS=  -O2 -c" "EXTRA_COMPILER_FLAGS=-mcpu=cortex-a9 -mfpu=vfpv3 -mfloat-abi=hard -nostartfiles"
"Running Make include in ps7_cortexa9_0/libsrc/uartps_v3_1/src"
make -C ps7_cortexa9_0/libsrc/uartps_v3_1/src -s include  "SHELL=CMD" "COMPILER=arm-none-eabi-gcc" "ARCHIVER=arm-none-eabi-ar" "COMPILER_FLAGS=  -O2 -c" "EXTRA_COMPILER_FLAGS=-mcpu=cortex-a9 -mfpu=vfpv3 -mfloat-abi=hard -nostartfiles"
"Running Make include in ps7_cortexa9_0/libsrc/xadcps_v2_2/src"
make -C ps7_cortexa9_0/libsrc/xadcps_v2_2/src -s include  "SHELL=CMD" "COMPILER=arm-none-eabi-gcc" "ARCHIVER=arm-none-eabi-ar" "COMPILER_FLAGS=  -O2 -c" "EXTRA_COMPILER_FLAGS=-mcpu=cortex-a9 -mfpu=vfpv3 -mfloat-abi=hard -nostartfiles"
"Running Make libs in ps7_cortexa9_0/libsrc/coresightps_dcc_v1_2/src"
make -C ps7_cortexa9_0/libsrc/coresightps_dcc_v1_2/src -s libs  "SHELL=CMD" "COMPILER=arm-none-eabi-gcc" "ARCHIVER=arm-none-eabi-ar" "COMPILER_FLAGS=  -O2 -c" "EXTRA_COMPILER_FLAGS=-mcpu=cortex-a9 -mfpu=vfpv3 -mfloat-abi=hard -nostartfiles"
"Compiling coresightps_dcc"
arm-none-eabi-ar: creating ../../../lib/libxil.a
"Running Make libs in ps7_cortexa9_0/libsrc/cpu_cortexa9_v2_2/src"
make -C ps7_cortexa9_0/libsrc/cpu_cortexa9_v2_2/src -s libs  "SHELL=CMD" "COMPILER=arm-none-eabi-gcc" "ARCHIVER=arm-none-eabi-ar" "COMPILER_FLAGS=  -O2 -c" "EXTRA_COMPILER_FLAGS=-mcpu=cortex-a9 -mfpu=vfpv3 -mfloat-abi=hard -nostartfiles"
"Compiling cpu_cortexa9"
"Running Make libs in ps7_cortexa9_0/libsrc/ddrps_v1_0/src"
make -C ps7_cortexa9_0/libsrc/ddrps_v1_0/src -s libs  "SHELL=CMD" "COMPILER=arm-none-eabi-gcc" "ARCHIVER=arm-none-eabi-ar" "COMPILER_FLAGS=  -O2 -c" "EXTRA_COMPILER_FLAGS=-mcpu=cortex-a9 -mfpu=vfpv3 -mfloat-abi=hard -nostartfiles"
"Compiling ddrps"
"Running Make libs in ps7_cortexa9_0/libsrc/devcfg_v3_4/src"
make -C ps7_cortexa9_0/libsrc/devcfg_v3_4/src -s libs  "SHELL=CMD" "COMPILER=arm-none-eabi-gcc" "ARCHIVER=arm-none-eabi-ar" "COMPILER_FLAGS=  -O2 -c" "EXTRA_COMPILER_FLAGS=-mcpu=cortex-a9 -mfpu=vfpv3 -mfloat-abi=hard -nostartfiles"
"Compiling devcfg"
"Running Make libs in ps7_cortexa9_0/libsrc/dmaps_v2_1/src"
make -C ps7_cortexa9_0/libsrc/dmaps_v2_1/src -s libs  "SHELL=CMD" "COMPILER=arm-none-eabi-gcc" "ARCHIVER=arm-none-eabi-ar" "COMPILER_FLAGS=  -O2 -c" "EXTRA_COMPILER_FLAGS=-mcpu=cortex-a9 -mfpu=vfpv3 -mfloat-abi=hard -nostartfiles"
"Compiling dmaps"
"Running Make libs in ps7_cortexa9_0/libsrc/gpiops_v3_1/src"
make -C ps7_cortexa9_0/libsrc/gpiops_v3_1/src -s libs  "SHELL=CMD" "COMPILER=arm-none-eabi-gcc" "ARCHIVER=arm-none-eabi-ar" "COMPILER_FLAGS=  -O2 -c" "EXTRA_COMPILER_FLAGS=-mcpu=cortex-a9 -mfpu=vfpv3 -mfloat-abi=hard -nostartfiles"
"Compiling gpiops"
"Running Make libs in ps7_cortexa9_0/libsrc/qspips_v3_3/src"
make -C ps7_cortexa9_0/libsrc/qspips_v3_3/src -s libs  "SHELL=CMD" "COMPILER=arm-none-eabi-gcc" "ARCHIVER=arm-none-eabi-ar" "COMPILER_FLAGS=  -O2 -c" "EXTRA_COMPILER_FLAGS=-mcpu=cortex-a9 -mfpu=vfpv3 -mfloat-abi=hard -nostartfiles"
"Compiling qspips"
"Running Make libs in ps7_cortexa9_0/libsrc/scugic_v3_3/src"
make -C ps7_cortexa9_0/libsrc/scugic_v3_3/src -s libs  "SHELL=CMD" "COMPILER=arm-none-eabi-gcc" "ARCHIVER=arm-none-eabi-ar" "COMPILER_FLAGS=  -O2 -c" "EXTRA_COMPILER_FLAGS=-mcpu=cortex-a9 -mfpu=vfpv3 -mfloat-abi=hard -nostartfiles"
"Compiling scugic"
"Running Make libs in ps7_cortexa9_0/libsrc/scutimer_v2_1/src"
make -C ps7_cortexa9_0/libsrc/scutimer_v2_1/src -s libs  "SHELL=CMD" "COMPILER=arm-none-eabi-gcc" "ARCHIVER=arm-none-eabi-ar" "COMPILER_FLAGS=  -O2 -c" "EXTRA_COMPILER_FLAGS=-mcpu=cortex-a9 -mfpu=vfpv3 -mfloat-abi=hard -nostartfiles"
"Compiling scutimer"
"Running Make libs in ps7_cortexa9_0/libsrc/scuwdt_v2_1/src"
make -C ps7_cortexa9_0/libsrc/scuwdt_v2_1/src -s libs  "SHELL=CMD" "COMPILER=arm-none-eabi-gcc" "ARCHIVER=arm-none-eabi-ar" "COMPILER_FLAGS=  -O2 -c" "EXTRA_COMPILER_FLAGS=-mcpu=cortex-a9 -mfpu=vfpv3 -mfloat-abi=hard -nostartfiles"
"Compiling scuwdt"
"Running Make libs in ps7_cortexa9_0/libsrc/standalone_v5_5/src"
make -C ps7_cortexa9_0/libsrc/standalone_v5_5/src -s libs  "SHELL=CMD" "COMPILER=arm-none-eabi-gcc" "ARCHIVER=arm-none-eabi-ar" "COMPILER_FLAGS=  -O2 -c" "EXTRA_COMPILER_FLAGS=-mcpu=cortex-a9 -mfpu=vfpv3 -mfloat-abi=hard -nostartfiles"
"Compiling standalone"
"Running Make libs in ps7_cortexa9_0/libsrc/uartps_v3_1/src"
make -C ps7_cortexa9_0/libsrc/uartps_v3_1/src -s libs  "SHELL=CMD" "COMPILER=arm-none-eabi-gcc" "ARCHIVER=arm-none-eabi-ar" "COMPILER_FLAGS=  -O2 -c" "EXTRA_COMPILER_FLAGS=-mcpu=cortex-a9 -mfpu=vfpv3 -mfloat-abi=hard -nostartfiles"
"Compiling uartps"
"Running Make libs in ps7_cortexa9_0/libsrc/xadcps_v2_2/src"
make -C ps7_cortexa9_0/libsrc/xadcps_v2_2/src -s libs  "SHELL=CMD" "COMPILER=arm-none-eabi-gcc" "ARCHIVER=arm-none-eabi-ar" "COMPILER_FLAGS=  -O2 -c" "EXTRA_COMPILER_FLAGS=-mcpu=cortex-a9 -mfpu=vfpv3 -mfloat-abi=hard -nostartfiles"
"Compiling xadcps"
'Finished building libraries'
23:28:45 **** Build of configuration Debug for project test_uart ****
make pre-build main-build 
a9-linaro-pre-build-step
 
Building file: ../src/helloworld.c
Invoking: ARM v7 gcc compiler
arm-none-eabi-gcc -Wall -O0 -g3 -c -fmessage-length=0 -MT"src/helloworld.o" -mcpu=cortex-a9 -mfpu=vfpv3 -mfloat-abi=hard -I../../test_uart_bsp/ps7_cortexa9_0/include -MMD -MP -MF"src/helloworld.d" -MT"src/helloworld.o" -o "src/helloworld.o" "../src/helloworld.c"
Finished building: ../src/helloworld.c
 
Building file: ../src/platform.c
Invoking: ARM v7 gcc compiler
arm-none-eabi-gcc -Wall -O0 -g3 -c -fmessage-length=0 -MT"src/platform.o" -mcpu=cortex-a9 -mfpu=vfpv3 -mfloat-abi=hard -I../../test_uart_bsp/ps7_cortexa9_0/include -MMD -MP -MF"src/platform.d" -MT"src/platform.o" -o "src/platform.o" "../src/platform.c"
Finished building: ../src/platform.c
 
Building target: test_uart.elf
Invoking: ARM v7 gcc linker
arm-none-eabi-gcc -mcpu=cortex-a9 -mfpu=vfpv3 -mfloat-abi=hard -Wl,-build-id=none -specs=Xilinx.spec -Wl,-T -Wl,../src/lscript.ld -L../../test_uart_bsp/ps7_cortexa9_0/lib -o "test_uart.elf"  ./src/helloworld.o ./src/platform.o   -Wl,--start-group,-lxil,-lgcc,-lc,--end-group
Finished building target: test_uart.elf
 
Invoking: ARM v7 Print Size
arm-none-eabi-size test_uart.elf  |tee "test_uart.elf.size"
   text	   data	    bss	    dec	    hex	filename
  25128	   1184	  22724	  49036	   bf8c	test_uart.elf
Finished building: test_uart.elf.size
 
23:30:30 **** Incremental Build of configuration Debug for project test_uart ****
make pre-build main-build 
a9-linaro-pre-build-step
 
make: Nothing to be done for `main-build'.
23:30:53 **** Auto Build of project test_uart_bsp ****
make -k all 
"Running Make include in ps7_cortexa9_0/libsrc/coresightps_dcc_v1_2/src"
make -C ps7_cortexa9_0/libsrc/coresightps_dcc_v1_2/src -s include  "SHELL=CMD" "COMPILER=arm-none-eabi-gcc" "ARCHIVER=arm-none-eabi-ar" "COMPILER_FLAGS=  -O2 -c" "EXTRA_COMPILER_FLAGS=-mcpu=cortex-a9 -mfpu=vfpv3 -mfloat-abi=hard -nostartfiles"
"Running Make include in ps7_cortexa9_0/libsrc/cpu_cortexa9_v2_2/src"
make -C ps7_cortexa9_0/libsrc/cpu_cortexa9_v2_2/src -s include  "SHELL=CMD" "COMPILER=arm-none-eabi-gcc" "ARCHIVER=arm-none-eabi-ar" "COMPILER_FLAGS=  -O2 -c" "EXTRA_COMPILER_FLAGS=-mcpu=cortex-a9 -mfpu=vfpv3 -mfloat-abi=hard -nostartfiles"
"Running Make include in ps7_cortexa9_0/libsrc/ddrps_v1_0/src"
make -C ps7_cortexa9_0/libsrc/ddrps_v1_0/src -s include  "SHELL=CMD" "COMPILER=arm-none-eabi-gcc" "ARCHIVER=arm-none-eabi-ar" "COMPILER_FLAGS=  -O2 -c" "EXTRA_COMPILER_FLAGS=-mcpu=cortex-a9 -mfpu=vfpv3 -mfloat-abi=hard -nostartfiles"
"Running Make include in ps7_cortexa9_0/libsrc/devcfg_v3_4/src"
make -C ps7_cortexa9_0/libsrc/devcfg_v3_4/src -s include  "SHELL=CMD" "COMPILER=arm-none-eabi-gcc" "ARCHIVER=arm-none-eabi-ar" "COMPILER_FLAGS=  -O2 -c" "EXTRA_COMPILER_FLAGS=-mcpu=cortex-a9 -mfpu=vfpv3 -mfloat-abi=hard -nostartfiles"
"Running Make include in ps7_cortexa9_0/libsrc/dmaps_v2_1/src"
make -C ps7_cortexa9_0/libsrc/dmaps_v2_1/src -s include  "SHELL=CMD" "COMPILER=arm-none-eabi-gcc" "ARCHIVER=arm-none-eabi-ar" "COMPILER_FLAGS=  -O2 -c" "EXTRA_COMPILER_FLAGS=-mcpu=cortex-a9 -mfpu=vfpv3 -mfloat-abi=hard -nostartfiles"
"Running Make include in ps7_cortexa9_0/libsrc/gpiops_v3_1/src"
make -C ps7_cortexa9_0/libsrc/gpiops_v3_1/src -s include  "SHELL=CMD" "COMPILER=arm-none-eabi-gcc" "ARCHIVER=arm-none-eabi-ar" "COMPILER_FLAGS=  -O2 -c" "EXTRA_COMPILER_FLAGS=-mcpu=cortex-a9 -mfpu=vfpv3 -mfloat-abi=hard -nostartfiles"
"Running Make include in ps7_cortexa9_0/libsrc/qspips_v3_3/src"
make -C ps7_cortexa9_0/libsrc/qspips_v3_3/src -s include  "SHELL=CMD" "COMPILER=arm-none-eabi-gcc" "ARCHIVER=arm-none-eabi-ar" "COMPILER_FLAGS=  -O2 -c" "EXTRA_COMPILER_FLAGS=-mcpu=cortex-a9 -mfpu=vfpv3 -mfloat-abi=hard -nostartfiles"
"Running Make include in ps7_cortexa9_0/libsrc/scugic_v3_3/src"
make -C ps7_cortexa9_0/libsrc/scugic_v3_3/src -s include  "SHELL=CMD" "COMPILER=arm-none-eabi-gcc" "ARCHIVER=arm-none-eabi-ar" "COMPILER_FLAGS=  -O2 -c" "EXTRA_COMPILER_FLAGS=-mcpu=cortex-a9 -mfpu=vfpv3 -mfloat-abi=hard -nostartfiles"
"Running Make include in ps7_cortexa9_0/libsrc/scutimer_v2_1/src"
make -C ps7_cortexa9_0/libsrc/scutimer_v2_1/src -s include  "SHELL=CMD" "COMPILER=arm-none-eabi-gcc" "ARCHIVER=arm-none-eabi-ar" "COMPILER_FLAGS=  -O2 -c" "EXTRA_COMPILER_FLAGS=-mcpu=cortex-a9 -mfpu=vfpv3 -mfloat-abi=hard -nostartfiles"
"Running Make include in ps7_cortexa9_0/libsrc/scuwdt_v2_1/src"
make -C ps7_cortexa9_0/libsrc/scuwdt_v2_1/src -s include  "SHELL=CMD" "COMPILER=arm-none-eabi-gcc" "ARCHIVER=arm-none-eabi-ar" "COMPILER_FLAGS=  -O2 -c" "EXTRA_COMPILER_FLAGS=-mcpu=cortex-a9 -mfpu=vfpv3 -mfloat-abi=hard -nostartfiles"
"Running Make include in ps7_cortexa9_0/libsrc/standalone_v5_5/src"
make -C ps7_cortexa9_0/libsrc/standalone_v5_5/src -s include  "SHELL=CMD" "COMPILER=arm-none-eabi-gcc" "ARCHIVER=arm-none-eabi-ar" "COMPILER_FLAGS=  -O2 -c" "EXTRA_COMPILER_FLAGS=-mcpu=cortex-a9 -mfpu=vfpv3 -mfloat-abi=hard -nostartfiles"
"Running Make include in ps7_cortexa9_0/libsrc/uartps_v3_1/src"
make -C ps7_cortexa9_0/libsrc/uartps_v3_1/src -s include  "SHELL=CMD" "COMPILER=arm-none-eabi-gcc" "ARCHIVER=arm-none-eabi-ar" "COMPILER_FLAGS=  -O2 -c" "EXTRA_COMPILER_FLAGS=-mcpu=cortex-a9 -mfpu=vfpv3 -mfloat-abi=hard -nostartfiles"
"Running Make include in ps7_cortexa9_0/libsrc/xadcps_v2_2/src"
make -C ps7_cortexa9_0/libsrc/xadcps_v2_2/src -s include  "SHELL=CMD" "COMPILER=arm-none-eabi-gcc" "ARCHIVER=arm-none-eabi-ar" "COMPILER_FLAGS=  -O2 -c" "EXTRA_COMPILER_FLAGS=-mcpu=cortex-a9 -mfpu=vfpv3 -mfloat-abi=hard -nostartfiles"
"Running Make libs in ps7_cortexa9_0/libsrc/coresightps_dcc_v1_2/src"
make -C ps7_cortexa9_0/libsrc/coresightps_dcc_v1_2/src -s libs  "SHELL=CMD" "COMPILER=arm-none-eabi-gcc" "ARCHIVER=arm-none-eabi-ar" "COMPILER_FLAGS=  -O2 -c" "EXTRA_COMPILER_FLAGS=-mcpu=cortex-a9 -mfpu=vfpv3 -mfloat-abi=hard -nostartfiles"
"Compiling coresightps_dcc"
"Running Make libs in ps7_cortexa9_0/libsrc/cpu_cortexa9_v2_2/src"
make -C ps7_cortexa9_0/libsrc/cpu_cortexa9_v2_2/src -s libs  "SHELL=CMD" "COMPILER=arm-none-eabi-gcc" "ARCHIVER=arm-none-eabi-ar" "COMPILER_FLAGS=  -O2 -c" "EXTRA_COMPILER_FLAGS=-mcpu=cortex-a9 -mfpu=vfpv3 -mfloat-abi=hard -nostartfiles"
"Compiling cpu_cortexa9"
"Running Make libs in ps7_cortexa9_0/libsrc/ddrps_v1_0/src"
make -C ps7_cortexa9_0/libsrc/ddrps_v1_0/src -s libs  "SHELL=CMD" "COMPILER=arm-none-eabi-gcc" "ARCHIVER=arm-none-eabi-ar" "COMPILER_FLAGS=  -O2 -c" "EXTRA_COMPILER_FLAGS=-mcpu=cortex-a9 -mfpu=vfpv3 -mfloat-abi=hard -nostartfiles"
"Compiling ddrps"
"Running Make libs in ps7_cortexa9_0/libsrc/devcfg_v3_4/src"
make -C ps7_cortexa9_0/libsrc/devcfg_v3_4/src -s libs  "SHELL=CMD" "COMPILER=arm-none-eabi-gcc" "ARCHIVER=arm-none-eabi-ar" "COMPILER_FLAGS=  -O2 -c" "EXTRA_COMPILER_FLAGS=-mcpu=cortex-a9 -mfpu=vfpv3 -mfloat-abi=hard -nostartfiles"
"Compiling devcfg"
"Running Make libs in ps7_cortexa9_0/libsrc/dmaps_v2_1/src"
make -C ps7_cortexa9_0/libsrc/dmaps_v2_1/src -s libs  "SHELL=CMD" "COMPILER=arm-none-eabi-gcc" "ARCHIVER=arm-none-eabi-ar" "COMPILER_FLAGS=  -O2 -c" "EXTRA_COMPILER_FLAGS=-mcpu=cortex-a9 -mfpu=vfpv3 -mfloat-abi=hard -nostartfiles"
"Compiling dmaps"
"Running Make libs in ps7_cortexa9_0/libsrc/gpiops_v3_1/src"
make -C ps7_cortexa9_0/libsrc/gpiops_v3_1/src -s libs  "SHELL=CMD" "COMPILER=arm-none-eabi-gcc" "ARCHIVER=arm-none-eabi-ar" "COMPILER_FLAGS=  -O2 -c" "EXTRA_COMPILER_FLAGS=-mcpu=cortex-a9 -mfpu=vfpv3 -mfloat-abi=hard -nostartfiles"
"Compiling gpiops"
"Running Make libs in ps7_cortexa9_0/libsrc/qspips_v3_3/src"
make -C ps7_cortexa9_0/libsrc/qspips_v3_3/src -s libs  "SHELL=CMD" "COMPILER=arm-none-eabi-gcc" "ARCHIVER=arm-none-eabi-ar" "COMPILER_FLAGS=  -O2 -c" "EXTRA_COMPILER_FLAGS=-mcpu=cortex-a9 -mfpu=vfpv3 -mfloat-abi=hard -nostartfiles"
"Compiling qspips"
"Running Make libs in ps7_cortexa9_0/libsrc/scugic_v3_3/src"
make -C ps7_cortexa9_0/libsrc/scugic_v3_3/src -s libs  "SHELL=CMD" "COMPILER=arm-none-eabi-gcc" "ARCHIVER=arm-none-eabi-ar" "COMPILER_FLAGS=  -O2 -c" "EXTRA_COMPILER_FLAGS=-mcpu=cortex-a9 -mfpu=vfpv3 -mfloat-abi=hard -nostartfiles"
"Compiling scugic"
"Running Make libs in ps7_cortexa9_0/libsrc/scutimer_v2_1/src"
make -C ps7_cortexa9_0/libsrc/scutimer_v2_1/src -s libs  "SHELL=CMD" "COMPILER=arm-none-eabi-gcc" "ARCHIVER=arm-none-eabi-ar" "COMPILER_FLAGS=  -O2 -c" "EXTRA_COMPILER_FLAGS=-mcpu=cortex-a9 -mfpu=vfpv3 -mfloat-abi=hard -nostartfiles"
"Compiling scutimer"
"Running Make libs in ps7_cortexa9_0/libsrc/scuwdt_v2_1/src"
make -C ps7_cortexa9_0/libsrc/scuwdt_v2_1/src -s libs  "SHELL=CMD" "COMPILER=arm-none-eabi-gcc" "ARCHIVER=arm-none-eabi-ar" "COMPILER_FLAGS=  -O2 -c" "EXTRA_COMPILER_FLAGS=-mcpu=cortex-a9 -mfpu=vfpv3 -mfloat-abi=hard -nostartfiles"
"Compiling scuwdt"
"Running Make libs in ps7_cortexa9_0/libsrc/standalone_v5_5/src"
make -C ps7_cortexa9_0/libsrc/standalone_v5_5/src -s libs  "SHELL=CMD" "COMPILER=arm-none-eabi-gcc" "ARCHIVER=arm-none-eabi-ar" "COMPILER_FLAGS=  -O2 -c" "EXTRA_COMPILER_FLAGS=-mcpu=cortex-a9 -mfpu=vfpv3 -mfloat-abi=hard -nostartfiles"
"Compiling standalone"
"Running Make libs in ps7_cortexa9_0/libsrc/uartps_v3_1/src"
make -C ps7_cortexa9_0/libsrc/uartps_v3_1/src -s libs  "SHELL=CMD" "COMPILER=arm-none-eabi-gcc" "ARCHIVER=arm-none-eabi-ar" "COMPILER_FLAGS=  -O2 -c" "EXTRA_COMPILER_FLAGS=-mcpu=cortex-a9 -mfpu=vfpv3 -mfloat-abi=hard -nostartfiles"
"Compiling uartps"
"Running Make libs in ps7_cortexa9_0/libsrc/xadcps_v2_2/src"
make -C ps7_cortexa9_0/libsrc/xadcps_v2_2/src -s libs  "SHELL=CMD" "COMPILER=arm-none-eabi-gcc" "ARCHIVER=arm-none-eabi-ar" "COMPILER_FLAGS=  -O2 -c" "EXTRA_COMPILER_FLAGS=-mcpu=cortex-a9 -mfpu=vfpv3 -mfloat-abi=hard -nostartfiles"
"Compiling xadcps"
'Finished building libraries'
23:31:07 **** Auto Build of configuration Debug for project test_uart ****
make pre-build main-build 
a9-linaro-pre-build-step
 
Building file: ../src/helloworld.c
Invoking: ARM v7 gcc compiler
arm-none-eabi-gcc -Wall -O0 -g3 -c -fmessage-length=0 -MT"src/helloworld.o" -mcpu=cortex-a9 -mfpu=vfpv3 -mfloat-abi=hard -I../../test_uart_bsp/ps7_cortexa9_0/include -MMD -MP -MF"src/helloworld.d" -MT"src/helloworld.o" -o "src/helloworld.o" "../src/helloworld.c"
Finished building: ../src/helloworld.c
 
Building file: ../src/platform.c
Invoking: ARM v7 gcc compiler
arm-none-eabi-gcc -Wall -O0 -g3 -c -fmessage-length=0 -MT"src/platform.o" -mcpu=cortex-a9 -mfpu=vfpv3 -mfloat-abi=hard -I../../test_uart_bsp/ps7_cortexa9_0/include -MMD -MP -MF"src/platform.d" -MT"src/platform.o" -o "src/platform.o" "../src/platform.c"
Finished building: ../src/platform.c
 
Building target: test_uart.elf
Invoking: ARM v7 gcc linker
arm-none-eabi-gcc -mcpu=cortex-a9 -mfpu=vfpv3 -mfloat-abi=hard -Wl,-build-id=none -specs=Xilinx.spec -Wl,-T -Wl,../src/lscript.ld -L../../test_uart_bsp/ps7_cortexa9_0/lib -o "test_uart.elf"  ./src/helloworld.o ./src/platform.o   -Wl,--start-group,-lxil,-lgcc,-lc,--end-group
Finished building target: test_uart.elf
 
Invoking: ARM v7 Print Size
arm-none-eabi-size test_uart.elf  |tee "test_uart.elf.size"
   text	   data	    bss	    dec	    hex	filename
  25132	   1184	  22724	  49040	   bf90	test_uart.elf
Finished building: test_uart.elf.size
 
23:31:10 **** Incremental Build of configuration Debug for project test_uart ****
make pre-build main-build 
a9-linaro-pre-build-step
 
make: Nothing to be done for `main-build'.
23:32:37 **** Auto Build of configuration Debug for project test_uart ****
make pre-build main-build 
a9-linaro-pre-build-step
 
Building file: ../src/helloworld.c
Invoking: ARM v7 gcc compiler
arm-none-eabi-gcc -Wall -O0 -g3 -c -fmessage-length=0 -MT"src/helloworld.o" -mcpu=cortex-a9 -mfpu=vfpv3 -mfloat-abi=hard -I../../test_uart_bsp/ps7_cortexa9_0/include -MMD -MP -MF"src/helloworld.d" -MT"src/helloworld.o" -o "src/helloworld.o" "../src/helloworld.c"
Finished building: ../src/helloworld.c
 
Building target: test_uart.elf
Invoking: ARM v7 gcc linker
arm-none-eabi-gcc -mcpu=cortex-a9 -mfpu=vfpv3 -mfloat-abi=hard -Wl,-build-id=none -specs=Xilinx.spec -Wl,-T -Wl,../src/lscript.ld -L../../test_uart_bsp/ps7_cortexa9_0/lib -o "test_uart.elf"  ./src/helloworld.o ./src/platform.o   -Wl,--start-group,-lxil,-lgcc,-lc,--end-group
Finished building target: test_uart.elf
 
Invoking: ARM v7 Print Size
arm-none-eabi-size test_uart.elf  |tee "test_uart.elf.size"
   text	   data	    bss	    dec	    hex	filename
  24812	   1184	  22724	  48720	   be50	test_uart.elf
Finished building: test_uart.elf.size
 
23:32:42 **** Incremental Build of configuration Debug for project test_uart ****
make pre-build main-build 
a9-linaro-pre-build-step
 
make: Nothing to be done for `main-build'.
23:34:28 **** Incremental Build of configuration Debug for project test_uart ****
make pre-build main-build 
a9-linaro-pre-build-step
 
Building file: ../src/helloworld.c
Invoking: ARM v7 gcc compiler
arm-none-eabi-gcc -Wall -O0 -g3 -c -fmessage-length=0 -MT"src/helloworld.o" -mcpu=cortex-a9 -mfpu=vfpv3 -mfloat-abi=hard -I../../test_uart_bsp/ps7_cortexa9_0/include -MMD -MP -MF"src/helloworld.d" -MT"src/helloworld.o" -o "src/helloworld.o" "../src/helloworld.c"
../src/helloworld.c: In function 'main':
../src/helloworld.c:64:5: warning: unused variable 'BufferPtr_tx' [-Wunused-variable]
  u8 BufferPtr_tx[10]={'1','2','3','4',5,6,7,8,9,10};
     ^
Finished building: ../src/helloworld.c
 
Building target: test_uart.elf
Invoking: ARM v7 gcc linker
arm-none-eabi-gcc -mcpu=cortex-a9 -mfpu=vfpv3 -mfloat-abi=hard -Wl,-build-id=none -specs=Xilinx.spec -Wl,-T -Wl,../src/lscript.ld -L../../test_uart_bsp/ps7_cortexa9_0/lib -o "test_uart.elf"  ./src/helloworld.o ./src/platform.o   -Wl,--start-group,-lxil,-lgcc,-lc,--end-group
Finished building target: test_uart.elf
 
Invoking: ARM v7 Print Size
arm-none-eabi-size test_uart.elf  |tee "test_uart.elf.size"
   text	   data	    bss	    dec	    hex	filename
  77536	   2620	  23484	 103640	  194d8	test_uart.elf
Finished building: test_uart.elf.size
 
20:18:09 **** Auto Build of configuration Debug for project test_uart ****
make pre-build main-build 
a9-linaro-pre-build-step
 
Building file: ../src/helloworld.c
Invoking: ARM v7 gcc compiler
arm-none-eabi-gcc -Wall -O0 -g3 -c -fmessage-length=0 -MT"src/helloworld.o" -mcpu=cortex-a9 -mfpu=vfpv3 -mfloat-abi=hard -I../../test_uart_bsp/ps7_cortexa9_0/include -MMD -MP -MF"src/helloworld.d" -MT"src/helloworld.o" -o "src/helloworld.o" "../src/helloworld.c"
../src/helloworld.c: In function 'main':
../src/helloworld.c:64:5: warning: unused variable 'BufferPtr_tx' [-Wunused-variable]
  u8 BufferPtr_tx[10]={'1','2','3','4',5,6,7,8,9,10};
     ^
Finished building: ../src/helloworld.c
 
Building target: test_uart.elf
Invoking: ARM v7 gcc linker
arm-none-eabi-gcc -mcpu=cortex-a9 -mfpu=vfpv3 -mfloat-abi=hard -Wl,-build-id=none -specs=Xilinx.spec -Wl,-T -Wl,../src/lscript.ld -L../../test_uart_bsp/ps7_cortexa9_0/lib -o "test_uart.elf"  ./src/helloworld.o ./src/platform.o   -Wl,--start-group,-lxil,-lgcc,-lc,--end-group
Finished building target: test_uart.elf
 
Invoking: ARM v7 Print Size
arm-none-eabi-size test_uart.elf  |tee "test_uart.elf.size"
   text	   data	    bss	    dec	    hex	filename
  77600	   2620	  23484	 103704	  19518	test_uart.elf
Finished building: test_uart.elf.size
 
20:18:48 **** Incremental Build of configuration Debug for project test_uart ****
make pre-build main-build 
a9-linaro-pre-build-step
 
make: Nothing to be done for `main-build'.
20:20:15 **** Incremental Build of configuration Debug for project test_uart ****
make pre-build main-build 
a9-linaro-pre-build-step
 
make: Nothing to be done for `main-build'.
20:21:57 **** Auto Build of configuration Debug for project test_uart ****
make pre-build main-build 
a9-linaro-pre-build-step
 
Building file: ../src/helloworld.c
Invoking: ARM v7 gcc compiler
arm-none-eabi-gcc -Wall -O0 -g3 -c -fmessage-length=0 -MT"src/helloworld.o" -mcpu=cortex-a9 -mfpu=vfpv3 -mfloat-abi=hard -I../../test_uart_bsp/ps7_cortexa9_0/include -MMD -MP -MF"src/helloworld.d" -MT"src/helloworld.o" -o "src/helloworld.o" "../src/helloworld.c"
../src/helloworld.c: In function 'main':
../src/helloworld.c:64:5: warning: unused variable 'BufferPtr_tx' [-Wunused-variable]
  u8 BufferPtr_tx[10]={'1','2','3','4',5,6,7,8,9,10};
     ^
Finished building: ../src/helloworld.c
 
Building target: test_uart.elf
Invoking: ARM v7 gcc linker
arm-none-eabi-gcc -mcpu=cortex-a9 -mfpu=vfpv3 -mfloat-abi=hard -Wl,-build-id=none -specs=Xilinx.spec -Wl,-T -Wl,../src/lscript.ld -L../../test_uart_bsp/ps7_cortexa9_0/lib -o "test_uart.elf"  ./src/helloworld.o ./src/platform.o   -Wl,--start-group,-lxil,-lgcc,-lc,--end-group
Finished building target: test_uart.elf
 
Invoking: ARM v7 Print Size
arm-none-eabi-size test_uart.elf  |tee "test_uart.elf.size"
   text	   data	    bss	    dec	    hex	filename
  77600	   2620	  23484	 103704	  19518	test_uart.elf
Finished building: test_uart.elf.size
 
20:22:03 **** Incremental Build of configuration Debug for project test_uart ****
make pre-build main-build 
a9-linaro-pre-build-step
 
make: Nothing to be done for `main-build'.
20:35:57 **** Auto Build of configuration Debug for project test_uart ****
make pre-build main-build 
a9-linaro-pre-build-step
 
Building file: ../src/helloworld.c
Invoking: ARM v7 gcc compiler
arm-none-eabi-gcc -Wall -O0 -g3 -c -fmessage-length=0 -MT"src/helloworld.o" -mcpu=cortex-a9 -mfpu=vfpv3 -mfloat-abi=hard -I../../test_uart_bsp/ps7_cortexa9_0/include -MMD -MP -MF"src/helloworld.d" -MT"src/helloworld.o" -o "src/helloworld.o" "../src/helloworld.c"
../src/helloworld.c: In function 'main':
../src/helloworld.c:94:28: warning: passing argument 2 of 'XUartPs_Send' makes pointer from integer without a cast
   XUartPs_Send(&Uart_PS_0, BufferPtr_rx[0], NUM_OF_BYTE);
                            ^
In file included from ../src/helloworld.c:51:0:
../../test_uart_bsp/ps7_cortexa9_0/include/xuartps.h:456:5: note: expected 'u8 *' but argument is of type 'u8'
 u32 XUartPs_Send(XUartPs *InstancePtr,u8 *BufferPtr,
     ^
../src/helloworld.c:64:5: warning: unused variable 'BufferPtr_tx' [-Wunused-variable]
  u8 BufferPtr_tx[10]={'1','2','3','4',5,6,7,8,9,10};
     ^
Finished building: ../src/helloworld.c
 
Building target: test_uart.elf
Invoking: ARM v7 gcc linker
arm-none-eabi-gcc -mcpu=cortex-a9 -mfpu=vfpv3 -mfloat-abi=hard -Wl,-build-id=none -specs=Xilinx.spec -Wl,-T -Wl,../src/lscript.ld -L../../test_uart_bsp/ps7_cortexa9_0/lib -o "test_uart.elf"  ./src/helloworld.o ./src/platform.o   -Wl,--start-group,-lxil,-lgcc,-lc,--end-group
Finished building target: test_uart.elf
 
Invoking: ARM v7 Print Size
arm-none-eabi-size test_uart.elf  |tee "test_uart.elf.size"
   text	   data	    bss	    dec	    hex	filename
  77664	   2620	  23484	 103768	  19558	test_uart.elf
Finished building: test_uart.elf.size
 
20:36:03 **** Incremental Build of configuration Debug for project test_uart ****
make pre-build main-build 
a9-linaro-pre-build-step
 
make: Nothing to be done for `main-build'.
20:37:59 **** Auto Build of configuration Debug for project test_uart ****
make pre-build main-build 
a9-linaro-pre-build-step
 
Building file: ../src/helloworld.c
Invoking: ARM v7 gcc compiler
arm-none-eabi-gcc -Wall -O0 -g3 -c -fmessage-length=0 -MT"src/helloworld.o" -mcpu=cortex-a9 -mfpu=vfpv3 -mfloat-abi=hard -I../../test_uart_bsp/ps7_cortexa9_0/include -MMD -MP -MF"src/helloworld.d" -MT"src/helloworld.o" -o "src/helloworld.o" "../src/helloworld.c"
../src/helloworld.c: In function 'main':
../src/helloworld.c:94:28: warning: passing argument 2 of 'XUartPs_Send' makes pointer from integer without a cast
   XUartPs_Send(&Uart_PS_0, BufferPtr_rx[0], NUM_OF_BYTE);
                            ^
In file included from ../src/helloworld.c:51:0:
../../test_uart_bsp/ps7_cortexa9_0/include/xuartps.h:456:5: note: expected 'u8 *' but argument is of type 'u8'
 u32 XUartPs_Send(XUartPs *InstancePtr,u8 *BufferPtr,
     ^
../src/helloworld.c:95:28: warning: pointer targets in passing argument 2 of 'XUartPs_Send' differ in signedness [-Wpointer-sign]
   XUartPs_Send(&Uart_PS_0, "\n", NUM_OF_BYTE);
                            ^
In file included from ../src/helloworld.c:51:0:
../../test_uart_bsp/ps7_cortexa9_0/include/xuartps.h:456:5: note: expected 'u8 *' but argument is of type 'char *'
 u32 XUartPs_Send(XUartPs *InstancePtr,u8 *BufferPtr,
     ^
../src/helloworld.c:64:5: warning: unused variable 'BufferPtr_tx' [-Wunused-variable]
  u8 BufferPtr_tx[10]={'1','2','3','4',5,6,7,8,9,10};
     ^
Finished building: ../src/helloworld.c
 
Building target: test_uart.elf
Invoking: ARM v7 gcc linker
arm-none-eabi-gcc -mcpu=cortex-a9 -mfpu=vfpv3 -mfloat-abi=hard -Wl,-build-id=none -specs=Xilinx.spec -Wl,-T -Wl,../src/lscript.ld -L../../test_uart_bsp/ps7_cortexa9_0/lib -o "test_uart.elf"  ./src/helloworld.o ./src/platform.o   -Wl,--start-group,-lxil,-lgcc,-lc,--end-group
Finished building target: test_uart.elf
 
Invoking: ARM v7 Print Size
arm-none-eabi-size test_uart.elf  |tee "test_uart.elf.size"
   text	   data	    bss	    dec	    hex	filename
  77664	   2620	  23484	 103768	  19558	test_uart.elf
Finished building: test_uart.elf.size
 
20:38:26 **** Incremental Build of configuration Debug for project test_uart ****
make pre-build main-build 
a9-linaro-pre-build-step
 
make: Nothing to be done for `main-build'.
20:39:49 **** Auto Build of configuration Debug for project test_uart ****
make pre-build main-build 
a9-linaro-pre-build-step
 
Building file: ../src/helloworld.c
Invoking: ARM v7 gcc compiler
arm-none-eabi-gcc -Wall -O0 -g3 -c -fmessage-length=0 -MT"src/helloworld.o" -mcpu=cortex-a9 -mfpu=vfpv3 -mfloat-abi=hard -I../../test_uart_bsp/ps7_cortexa9_0/include -MMD -MP -MF"src/helloworld.d" -MT"src/helloworld.o" -o "src/helloworld.o" "../src/helloworld.c"
../src/helloworld.c: In function 'main':
../src/helloworld.c:94:28: warning: passing argument 2 of 'XUartPs_Send' makes pointer from integer without a cast
   XUartPs_Send(&Uart_PS_0, BufferPtr_rx[0], NUM_OF_BYTE);
                            ^
In file included from ../src/helloworld.c:51:0:
../../test_uart_bsp/ps7_cortexa9_0/include/xuartps.h:456:5: note: expected 'u8 *' but argument is of type 'u8'
 u32 XUartPs_Send(XUartPs *InstancePtr,u8 *BufferPtr,
     ^
../src/helloworld.c:95:28: warning: passing argument 2 of 'XUartPs_Send' makes pointer from integer without a cast
   XUartPs_Send(&Uart_PS_0, '\n', NUM_OF_BYTE);
                            ^
In file included from ../src/helloworld.c:51:0:
../../test_uart_bsp/ps7_cortexa9_0/include/xuartps.h:456:5: note: expected 'u8 *' but argument is of type 'int'
 u32 XUartPs_Send(XUartPs *InstancePtr,u8 *BufferPtr,
     ^
../src/helloworld.c:64:5: warning: unused variable 'BufferPtr_tx' [-Wunused-variable]
  u8 BufferPtr_tx[10]={'1','2','3','4',5,6,7,8,9,10};
     ^
Finished building: ../src/helloworld.c
 
Building target: test_uart.elf
Invoking: ARM v7 gcc linker
arm-none-eabi-gcc -mcpu=cortex-a9 -mfpu=vfpv3 -mfloat-abi=hard -Wl,-build-id=none -specs=Xilinx.spec -Wl,-T -Wl,../src/lscript.ld -L../../test_uart_bsp/ps7_cortexa9_0/lib -o "test_uart.elf"  ./src/helloworld.o ./src/platform.o   -Wl,--start-group,-lxil,-lgcc,-lc,--end-group
Finished building target: test_uart.elf
 
Invoking: ARM v7 Print Size
arm-none-eabi-size test_uart.elf  |tee "test_uart.elf.size"
   text	   data	    bss	    dec	    hex	filename
  77664	   2620	  23484	 103768	  19558	test_uart.elf
Finished building: test_uart.elf.size
 
20:39:56 **** Incremental Build of configuration Debug for project test_uart ****
make pre-build main-build 
a9-linaro-pre-build-step
 
make: Nothing to be done for `main-build'.
20:41:15 **** Auto Build of configuration Debug for project test_uart ****
make pre-build main-build 
a9-linaro-pre-build-step
 
Building file: ../src/helloworld.c
Invoking: ARM v7 gcc compiler
arm-none-eabi-gcc -Wall -O0 -g3 -c -fmessage-length=0 -MT"src/helloworld.o" -mcpu=cortex-a9 -mfpu=vfpv3 -mfloat-abi=hard -I../../test_uart_bsp/ps7_cortexa9_0/include -MMD -MP -MF"src/helloworld.d" -MT"src/helloworld.o" -o "src/helloworld.o" "../src/helloworld.c"
../src/helloworld.c: In function 'main':
../src/helloworld.c:95:28: warning: passing argument 2 of 'XUartPs_Send' makes pointer from integer without a cast
   XUartPs_Send(&Uart_PS_0, '\n', NUM_OF_BYTE);
                            ^
In file included from ../src/helloworld.c:51:0:
../../test_uart_bsp/ps7_cortexa9_0/include/xuartps.h:456:5: note: expected 'u8 *' but argument is of type 'int'
 u32 XUartPs_Send(XUartPs *InstancePtr,u8 *BufferPtr,
     ^
../src/helloworld.c:64:5: warning: unused variable 'BufferPtr_tx' [-Wunused-variable]
  u8 BufferPtr_tx[10]={'1','2','3','4',5,6,7,8,9,10};
     ^
Finished building: ../src/helloworld.c
 
Building target: test_uart.elf
Invoking: ARM v7 gcc linker
arm-none-eabi-gcc -mcpu=cortex-a9 -mfpu=vfpv3 -mfloat-abi=hard -Wl,-build-id=none -specs=Xilinx.spec -Wl,-T -Wl,../src/lscript.ld -L../../test_uart_bsp/ps7_cortexa9_0/lib -o "test_uart.elf"  ./src/helloworld.o ./src/platform.o   -Wl,--start-group,-lxil,-lgcc,-lc,--end-group
Finished building target: test_uart.elf
 
Invoking: ARM v7 Print Size
arm-none-eabi-size test_uart.elf  |tee "test_uart.elf.size"
   text	   data	    bss	    dec	    hex	filename
  77664	   2620	  23484	 103768	  19558	test_uart.elf
Finished building: test_uart.elf.size
 
20:43:33 **** Auto Build of configuration Debug for project test_uart ****
make pre-build main-build 
a9-linaro-pre-build-step
 
Building file: ../src/helloworld.c
Invoking: ARM v7 gcc compiler
arm-none-eabi-gcc -Wall -O0 -g3 -c -fmessage-length=0 -MT"src/helloworld.o" -mcpu=cortex-a9 -mfpu=vfpv3 -mfloat-abi=hard -I../../test_uart_bsp/ps7_cortexa9_0/include -MMD -MP -MF"src/helloworld.d" -MT"src/helloworld.o" -o "src/helloworld.o" "../src/helloworld.c"
../src/helloworld.c: In function 'main':
../src/helloworld.c:95:28: warning: passing argument 2 of 'XUartPs_Send' makes pointer from integer without a cast
   XUartPs_Send(&Uart_PS_0, '\n', NUM_OF_BYTE+1);
                            ^
In file included from ../src/helloworld.c:51:0:
../../test_uart_bsp/ps7_cortexa9_0/include/xuartps.h:456:5: note: expected 'u8 *' but argument is of type 'int'
 u32 XUartPs_Send(XUartPs *InstancePtr,u8 *BufferPtr,
     ^
../src/helloworld.c:64:5: warning: unused variable 'BufferPtr_tx' [-Wunused-variable]
  u8 BufferPtr_tx[10]={'1','2','3','4',5,6,7,8,9,10};
     ^
Finished building: ../src/helloworld.c
 
Building target: test_uart.elf
Invoking: ARM v7 gcc linker
arm-none-eabi-gcc -mcpu=cortex-a9 -mfpu=vfpv3 -mfloat-abi=hard -Wl,-build-id=none -specs=Xilinx.spec -Wl,-T -Wl,../src/lscript.ld -L../../test_uart_bsp/ps7_cortexa9_0/lib -o "test_uart.elf"  ./src/helloworld.o ./src/platform.o   -Wl,--start-group,-lxil,-lgcc,-lc,--end-group
Finished building target: test_uart.elf
 
Invoking: ARM v7 Print Size
arm-none-eabi-size test_uart.elf  |tee "test_uart.elf.size"
   text	   data	    bss	    dec	    hex	filename
  77664	   2620	  23484	 103768	  19558	test_uart.elf
Finished building: test_uart.elf.size
 
20:43:41 **** Incremental Build of configuration Debug for project test_uart ****
make pre-build main-build 
a9-linaro-pre-build-step
 
make: Nothing to be done for `main-build'.
20:45:49 **** Auto Build of configuration Debug for project test_uart ****
make pre-build main-build 
a9-linaro-pre-build-step
 
Building file: ../src/helloworld.c
Invoking: ARM v7 gcc compiler
arm-none-eabi-gcc -Wall -O0 -g3 -c -fmessage-length=0 -MT"src/helloworld.o" -mcpu=cortex-a9 -mfpu=vfpv3 -mfloat-abi=hard -I../../test_uart_bsp/ps7_cortexa9_0/include -MMD -MP -MF"src/helloworld.d" -MT"src/helloworld.o" -o "src/helloworld.o" "../src/helloworld.c"
../src/helloworld.c: In function 'main':
../src/helloworld.c:95:28: warning: passing argument 2 of 'XUartPs_Send' makes pointer from integer without a cast
   XUartPs_Send(&Uart_PS_0, 0x0A, NUM_OF_BYTE+1);
                            ^
In file included from ../src/helloworld.c:51:0:
../../test_uart_bsp/ps7_cortexa9_0/include/xuartps.h:456:5: note: expected 'u8 *' but argument is of type 'int'
 u32 XUartPs_Send(XUartPs *InstancePtr,u8 *BufferPtr,
     ^
../src/helloworld.c:64:5: warning: unused variable 'BufferPtr_tx' [-Wunused-variable]
  u8 BufferPtr_tx[10]={'1','2','3','4',5,6,7,8,9,10};
     ^
Finished building: ../src/helloworld.c
 
Building target: test_uart.elf
Invoking: ARM v7 gcc linker
arm-none-eabi-gcc -mcpu=cortex-a9 -mfpu=vfpv3 -mfloat-abi=hard -Wl,-build-id=none -specs=Xilinx.spec -Wl,-T -Wl,../src/lscript.ld -L../../test_uart_bsp/ps7_cortexa9_0/lib -o "test_uart.elf"  ./src/helloworld.o ./src/platform.o   -Wl,--start-group,-lxil,-lgcc,-lc,--end-group
Finished building target: test_uart.elf
 
Invoking: ARM v7 Print Size
arm-none-eabi-size test_uart.elf  |tee "test_uart.elf.size"
   text	   data	    bss	    dec	    hex	filename
  77664	   2620	  23484	 103768	  19558	test_uart.elf
Finished building: test_uart.elf.size
 
20:45:55 **** Incremental Build of configuration Debug for project test_uart ****
make pre-build main-build 
a9-linaro-pre-build-step
 
make: Nothing to be done for `main-build'.
20:45:59 **** Auto Build of configuration Debug for project test_uart ****
make pre-build main-build 
a9-linaro-pre-build-step
 
Building file: ../src/helloworld.c
Invoking: ARM v7 gcc compiler
arm-none-eabi-gcc -Wall -O0 -g3 -c -fmessage-length=0 -MT"src/helloworld.o" -mcpu=cortex-a9 -mfpu=vfpv3 -mfloat-abi=hard -I../../test_uart_bsp/ps7_cortexa9_0/include -MMD -MP -MF"src/helloworld.d" -MT"src/helloworld.o" -o "src/helloworld.o" "../src/helloworld.c"
../src/helloworld.c: In function 'main':
../src/helloworld.c:95:28: warning: passing argument 2 of 'XUartPs_Send' makes pointer from integer without a cast
   XUartPs_Send(&Uart_PS_0, 0x0A, NUM_OF_BYTE);
                            ^
In file included from ../src/helloworld.c:51:0:
../../test_uart_bsp/ps7_cortexa9_0/include/xuartps.h:456:5: note: expected 'u8 *' but argument is of type 'int'
 u32 XUartPs_Send(XUartPs *InstancePtr,u8 *BufferPtr,
     ^
../src/helloworld.c:64:5: warning: unused variable 'BufferPtr_tx' [-Wunused-variable]
  u8 BufferPtr_tx[10]={'1','2','3','4',5,6,7,8,9,10};
     ^
Finished building: ../src/helloworld.c
 
Building target: test_uart.elf
Invoking: ARM v7 gcc linker
arm-none-eabi-gcc -mcpu=cortex-a9 -mfpu=vfpv3 -mfloat-abi=hard -Wl,-build-id=none -specs=Xilinx.spec -Wl,-T -Wl,../src/lscript.ld -L../../test_uart_bsp/ps7_cortexa9_0/lib -o "test_uart.elf"  ./src/helloworld.o ./src/platform.o   -Wl,--start-group,-lxil,-lgcc,-lc,--end-group
Finished building target: test_uart.elf
 
Invoking: ARM v7 Print Size
arm-none-eabi-size test_uart.elf  |tee "test_uart.elf.size"
   text	   data	    bss	    dec	    hex	filename
  77664	   2620	  23484	 103768	  19558	test_uart.elf
Finished building: test_uart.elf.size
 
20:47:22 **** Auto Build of configuration Debug for project test_uart ****
make pre-build main-build 
a9-linaro-pre-build-step
 
Building file: ../src/helloworld.c
Invoking: ARM v7 gcc compiler
arm-none-eabi-gcc -Wall -O0 -g3 -c -fmessage-length=0 -MT"src/helloworld.o" -mcpu=cortex-a9 -mfpu=vfpv3 -mfloat-abi=hard -I../../test_uart_bsp/ps7_cortexa9_0/include -MMD -MP -MF"src/helloworld.d" -MT"src/helloworld.o" -o "src/helloworld.o" "../src/helloworld.c"
../src/helloworld.c: In function 'main':
../src/helloworld.c:64:5: warning: unused variable 'BufferPtr_tx' [-Wunused-variable]
  u8 BufferPtr_tx[10]={'1','2','3','4',5,6,7,8,9,10};
     ^
Finished building: ../src/helloworld.c
 
Building target: test_uart.elf
Invoking: ARM v7 gcc linker
arm-none-eabi-gcc -mcpu=cortex-a9 -mfpu=vfpv3 -mfloat-abi=hard -Wl,-build-id=none -specs=Xilinx.spec -Wl,-T -Wl,../src/lscript.ld -L../../test_uart_bsp/ps7_cortexa9_0/lib -o "test_uart.elf"  ./src/helloworld.o ./src/platform.o   -Wl,--start-group,-lxil,-lgcc,-lc,--end-group
Finished building target: test_uart.elf
 
Invoking: ARM v7 Print Size
arm-none-eabi-size test_uart.elf  |tee "test_uart.elf.size"
   text	   data	    bss	    dec	    hex	filename
  77664	   2620	  23484	 103768	  19558	test_uart.elf
Finished building: test_uart.elf.size
 
20:47:31 **** Incremental Build of configuration Debug for project test_uart ****
make pre-build main-build 
a9-linaro-pre-build-step
 
make: Nothing to be done for `main-build'.
20:48:23 **** Auto Build of configuration Debug for project test_uart ****
make pre-build main-build 
a9-linaro-pre-build-step
 
Building file: ../src/helloworld.c
Invoking: ARM v7 gcc compiler
arm-none-eabi-gcc -Wall -O0 -g3 -c -fmessage-length=0 -MT"src/helloworld.o" -mcpu=cortex-a9 -mfpu=vfpv3 -mfloat-abi=hard -I../../test_uart_bsp/ps7_cortexa9_0/include -MMD -MP -MF"src/helloworld.d" -MT"src/helloworld.o" -o "src/helloworld.o" "../src/helloworld.c"
../src/helloworld.c: In function 'main':
../src/helloworld.c:64:5: warning: unused variable 'BufferPtr_tx' [-Wunused-variable]
  u8 BufferPtr_tx[10]={'1','2','3','4',5,6,7,8,9,10};
     ^
Finished building: ../src/helloworld.c
 
Building target: test_uart.elf
Invoking: ARM v7 gcc linker
arm-none-eabi-gcc -mcpu=cortex-a9 -mfpu=vfpv3 -mfloat-abi=hard -Wl,-build-id=none -specs=Xilinx.spec -Wl,-T -Wl,../src/lscript.ld -L../../test_uart_bsp/ps7_cortexa9_0/lib -o "test_uart.elf"  ./src/helloworld.o ./src/platform.o   -Wl,--start-group,-lxil,-lgcc,-lc,--end-group
Finished building target: test_uart.elf
 
Invoking: ARM v7 Print Size
arm-none-eabi-size test_uart.elf  |tee "test_uart.elf.size"
   text	   data	    bss	    dec	    hex	filename
  77664	   2620	  23484	 103768	  19558	test_uart.elf
Finished building: test_uart.elf.size
 
20:48:32 **** Incremental Build of configuration Debug for project test_uart ****
make pre-build main-build 
a9-linaro-pre-build-step
 
make: Nothing to be done for `main-build'.
20:50:17 **** Auto Build of configuration Debug for project test_uart ****
make pre-build main-build 
a9-linaro-pre-build-step
 
Building file: ../src/helloworld.c
Invoking: ARM v7 gcc compiler
arm-none-eabi-gcc -Wall -O0 -g3 -c -fmessage-length=0 -MT"src/helloworld.o" -mcpu=cortex-a9 -mfpu=vfpv3 -mfloat-abi=hard -I../../test_uart_bsp/ps7_cortexa9_0/include -MMD -MP -MF"src/helloworld.d" -MT"src/helloworld.o" -o "src/helloworld.o" "../src/helloworld.c"
../src/helloworld.c: In function 'main':
../src/helloworld.c:64:5: warning: unused variable 'BufferPtr_tx' [-Wunused-variable]
  u8 BufferPtr_tx[10]={'1','2','3','4',5,6,7,8,9,10};
     ^
Finished building: ../src/helloworld.c
 
Building target: test_uart.elf
Invoking: ARM v7 gcc linker
arm-none-eabi-gcc -mcpu=cortex-a9 -mfpu=vfpv3 -mfloat-abi=hard -Wl,-build-id=none -specs=Xilinx.spec -Wl,-T -Wl,../src/lscript.ld -L../../test_uart_bsp/ps7_cortexa9_0/lib -o "test_uart.elf"  ./src/helloworld.o ./src/platform.o   -Wl,--start-group,-lxil,-lgcc,-lc,--end-group
Finished building target: test_uart.elf
 
Invoking: ARM v7 Print Size
arm-none-eabi-size test_uart.elf  |tee "test_uart.elf.size"
   text	   data	    bss	    dec	    hex	filename
  77664	   2620	  23484	 103768	  19558	test_uart.elf
Finished building: test_uart.elf.size
 
20:50:23 **** Incremental Build of configuration Debug for project test_uart ****
make pre-build main-build 
a9-linaro-pre-build-step
 
make: Nothing to be done for `main-build'.
20:53:11 **** Auto Build of configuration Debug for project test_uart ****
make pre-build main-build 
a9-linaro-pre-build-step
 
Building file: ../src/helloworld.c
Invoking: ARM v7 gcc compiler
arm-none-eabi-gcc -Wall -O0 -g3 -c -fmessage-length=0 -MT"src/helloworld.o" -mcpu=cortex-a9 -mfpu=vfpv3 -mfloat-abi=hard -I../../test_uart_bsp/ps7_cortexa9_0/include -MMD -MP -MF"src/helloworld.d" -MT"src/helloworld.o" -o "src/helloworld.o" "../src/helloworld.c"
../src/helloworld.c: In function 'main':
../src/helloworld.c:64:5: warning: unused variable 'BufferPtr_tx' [-Wunused-variable]
  u8 BufferPtr_tx[10]={'1','2','3','4',5,6,7,8,9,10};
     ^
Finished building: ../src/helloworld.c
 
Building target: test_uart.elf
Invoking: ARM v7 gcc linker
arm-none-eabi-gcc -mcpu=cortex-a9 -mfpu=vfpv3 -mfloat-abi=hard -Wl,-build-id=none -specs=Xilinx.spec -Wl,-T -Wl,../src/lscript.ld -L../../test_uart_bsp/ps7_cortexa9_0/lib -o "test_uart.elf"  ./src/helloworld.o ./src/platform.o   -Wl,--start-group,-lxil,-lgcc,-lc,--end-group
Finished building target: test_uart.elf
 
Invoking: ARM v7 Print Size
arm-none-eabi-size test_uart.elf  |tee "test_uart.elf.size"
   text	   data	    bss	    dec	    hex	filename
  77664	   2620	  23484	 103768	  19558	test_uart.elf
Finished building: test_uart.elf.size
 
20:53:15 **** Incremental Build of configuration Debug for project test_uart ****
make pre-build main-build 
a9-linaro-pre-build-step
 
make: Nothing to be done for `main-build'.
20:56:22 **** Auto Build of configuration Debug for project test_uart ****
make pre-build main-build 
a9-linaro-pre-build-step
 
Building file: ../src/helloworld.c
Invoking: ARM v7 gcc compiler
arm-none-eabi-gcc -Wall -O0 -g3 -c -fmessage-length=0 -MT"src/helloworld.o" -mcpu=cortex-a9 -mfpu=vfpv3 -mfloat-abi=hard -I../../test_uart_bsp/ps7_cortexa9_0/include -MMD -MP -MF"src/helloworld.d" -MT"src/helloworld.o" -o "src/helloworld.o" "../src/helloworld.c"
../src/helloworld.c: In function 'main':
../src/helloworld.c:64:5: warning: unused variable 'BufferPtr_tx' [-Wunused-variable]
  u8 BufferPtr_tx[10]={'1','2','3','4',5,6,7,8,9,10};
     ^
Finished building: ../src/helloworld.c
 
Building target: test_uart.elf
Invoking: ARM v7 gcc linker
arm-none-eabi-gcc -mcpu=cortex-a9 -mfpu=vfpv3 -mfloat-abi=hard -Wl,-build-id=none -specs=Xilinx.spec -Wl,-T -Wl,../src/lscript.ld -L../../test_uart_bsp/ps7_cortexa9_0/lib -o "test_uart.elf"  ./src/helloworld.o ./src/platform.o   -Wl,--start-group,-lxil,-lgcc,-lc,--end-group
Finished building target: test_uart.elf
 
Invoking: ARM v7 Print Size
arm-none-eabi-size test_uart.elf  |tee "test_uart.elf.size"
   text	   data	    bss	    dec	    hex	filename
  77664	   2620	  23484	 103768	  19558	test_uart.elf
Finished building: test_uart.elf.size
 
20:56:27 **** Incremental Build of configuration Debug for project test_uart ****
make pre-build main-build 
a9-linaro-pre-build-step
 
make: Nothing to be done for `main-build'.
20:58:22 **** Incremental Build of configuration Debug for project test_uart ****
make pre-build main-build 
a9-linaro-pre-build-step
 
Building file: ../src/helloworld.c
Invoking: ARM v7 gcc compiler
arm-none-eabi-gcc -Wall -O0 -g3 -c -fmessage-length=0 -MT"src/helloworld.o" -mcpu=cortex-a9 -mfpu=vfpv3 -mfloat-abi=hard -I../../test_uart_bsp/ps7_cortexa9_0/include -MMD -MP -MF"src/helloworld.d" -MT"src/helloworld.o" -o "src/helloworld.o" "../src/helloworld.c"
../src/helloworld.c: In function 'main':
../src/helloworld.c:64:5: warning: unused variable 'BufferPtr_tx' [-Wunused-variable]
  u8 BufferPtr_tx[10]={'1','2','3','4',5,6,7,8,9,10};
     ^
Finished building: ../src/helloworld.c
 
Building target: test_uart.elf
Invoking: ARM v7 gcc linker
arm-none-eabi-gcc -mcpu=cortex-a9 -mfpu=vfpv3 -mfloat-abi=hard -Wl,-build-id=none -specs=Xilinx.spec -Wl,-T -Wl,../src/lscript.ld -L../../test_uart_bsp/ps7_cortexa9_0/lib -o "test_uart.elf"  ./src/helloworld.o ./src/platform.o   -Wl,--start-group,-lxil,-lgcc,-lc,--end-group
Finished building target: test_uart.elf
 
Invoking: ARM v7 Print Size
arm-none-eabi-size test_uart.elf  |tee "test_uart.elf.size"
   text	   data	    bss	    dec	    hex	filename
  77728	   2620	  23484	 103832	  19598	test_uart.elf
Finished building: test_uart.elf.size
 
20:59:43 **** Auto Build of configuration Debug for project test_uart ****
make pre-build main-build 
a9-linaro-pre-build-step
 
Building file: ../src/helloworld.c
Invoking: ARM v7 gcc compiler
arm-none-eabi-gcc -Wall -O0 -g3 -c -fmessage-length=0 -MT"src/helloworld.o" -mcpu=cortex-a9 -mfpu=vfpv3 -mfloat-abi=hard -I../../test_uart_bsp/ps7_cortexa9_0/include -MMD -MP -MF"src/helloworld.d" -MT"src/helloworld.o" -o "src/helloworld.o" "../src/helloworld.c"
Finished building: ../src/helloworld.c
 
Building target: test_uart.elf
Invoking: ARM v7 gcc linker
arm-none-eabi-gcc -mcpu=cortex-a9 -mfpu=vfpv3 -mfloat-abi=hard -Wl,-build-id=none -specs=Xilinx.spec -Wl,-T -Wl,../src/lscript.ld -L../../test_uart_bsp/ps7_cortexa9_0/lib -o "test_uart.elf"  ./src/helloworld.o ./src/platform.o   -Wl,--start-group,-lxil,-lgcc,-lc,--end-group
Finished building target: test_uart.elf
 
Invoking: ARM v7 Print Size
arm-none-eabi-size test_uart.elf  |tee "test_uart.elf.size"
   text	   data	    bss	    dec	    hex	filename
  77600	   2620	  23484	 103704	  19518	test_uart.elf
Finished building: test_uart.elf.size
 
20:59:59 **** Auto Build of configuration Debug for project test_uart ****
make pre-build main-build 
a9-linaro-pre-build-step
 
Building file: ../src/helloworld.c
Invoking: ARM v7 gcc compiler
arm-none-eabi-gcc -Wall -O0 -g3 -c -fmessage-length=0 -MT"src/helloworld.o" -mcpu=cortex-a9 -mfpu=vfpv3 -mfloat-abi=hard -I../../test_uart_bsp/ps7_cortexa9_0/include -MMD -MP -MF"src/helloworld.d" -MT"src/helloworld.o" -o "src/helloworld.o" "../src/helloworld.c"
Finished building: ../src/helloworld.c
 
Building target: test_uart.elf
Invoking: ARM v7 gcc linker
arm-none-eabi-gcc -mcpu=cortex-a9 -mfpu=vfpv3 -mfloat-abi=hard -Wl,-build-id=none -specs=Xilinx.spec -Wl,-T -Wl,../src/lscript.ld -L../../test_uart_bsp/ps7_cortexa9_0/lib -o "test_uart.elf"  ./src/helloworld.o ./src/platform.o   -Wl,--start-group,-lxil,-lgcc,-lc,--end-group
Finished building target: test_uart.elf
 
Invoking: ARM v7 Print Size
arm-none-eabi-size test_uart.elf  |tee "test_uart.elf.size"
   text	   data	    bss	    dec	    hex	filename
  77600	   2620	  23484	 103704	  19518	test_uart.elf
Finished building: test_uart.elf.size
 
21:00:10 **** Incremental Build of configuration Debug for project test_uart ****
make pre-build main-build 
a9-linaro-pre-build-step
 
make: Nothing to be done for `main-build'.
21:01:05 **** Auto Build of configuration Debug for project test_uart ****
make pre-build main-build 
a9-linaro-pre-build-step
 
Building file: ../src/helloworld.c
Invoking: ARM v7 gcc compiler
arm-none-eabi-gcc -Wall -O0 -g3 -c -fmessage-length=0 -MT"src/helloworld.o" -mcpu=cortex-a9 -mfpu=vfpv3 -mfloat-abi=hard -I../../test_uart_bsp/ps7_cortexa9_0/include -MMD -MP -MF"src/helloworld.d" -MT"src/helloworld.o" -o "src/helloworld.o" "../src/helloworld.c"
Finished building: ../src/helloworld.c
 
Building target: test_uart.elf
Invoking: ARM v7 gcc linker
arm-none-eabi-gcc -mcpu=cortex-a9 -mfpu=vfpv3 -mfloat-abi=hard -Wl,-build-id=none -specs=Xilinx.spec -Wl,-T -Wl,../src/lscript.ld -L../../test_uart_bsp/ps7_cortexa9_0/lib -o "test_uart.elf"  ./src/helloworld.o ./src/platform.o   -Wl,--start-group,-lxil,-lgcc,-lc,--end-group
Finished building target: test_uart.elf
 
Invoking: ARM v7 Print Size
arm-none-eabi-size test_uart.elf  |tee "test_uart.elf.size"
   text	   data	    bss	    dec	    hex	filename
  77536	   2620	  23484	 103640	  194d8	test_uart.elf
Finished building: test_uart.elf.size
 
21:01:22 **** Auto Build of configuration Debug for project test_uart ****
make pre-build main-build 
a9-linaro-pre-build-step
 
Building file: ../src/helloworld.c
Invoking: ARM v7 gcc compiler
arm-none-eabi-gcc -Wall -O0 -g3 -c -fmessage-length=0 -MT"src/helloworld.o" -mcpu=cortex-a9 -mfpu=vfpv3 -mfloat-abi=hard -I../../test_uart_bsp/ps7_cortexa9_0/include -MMD -MP -MF"src/helloworld.d" -MT"src/helloworld.o" -o "src/helloworld.o" "../src/helloworld.c"
Finished building: ../src/helloworld.c
 
Building target: test_uart.elf
Invoking: ARM v7 gcc linker
arm-none-eabi-gcc -mcpu=cortex-a9 -mfpu=vfpv3 -mfloat-abi=hard -Wl,-build-id=none -specs=Xilinx.spec -Wl,-T -Wl,../src/lscript.ld -L../../test_uart_bsp/ps7_cortexa9_0/lib -o "test_uart.elf"  ./src/helloworld.o ./src/platform.o   -Wl,--start-group,-lxil,-lgcc,-lc,--end-group
Finished building target: test_uart.elf
 
Invoking: ARM v7 Print Size
arm-none-eabi-size test_uart.elf  |tee "test_uart.elf.size"
   text	   data	    bss	    dec	    hex	filename
  77536	   2620	  23484	 103640	  194d8	test_uart.elf
Finished building: test_uart.elf.size
 
