21:01:22 **** Auto Build of configuration Debug for project test_uart ****
make pre-build main-build 
a9-linaro-pre-build-step
 
Building file: ../src/helloworld.c
Invoking: ARM v7 gcc compiler
arm-none-eabi-gcc -Wall -O0 -g3 -c -fmessage-length=0 -MT"src/helloworld.o" -mcpu=cortex-a9 -mfpu=vfpv3 -mfloat-abi=hard -I../../test_uart_bsp/ps7_cortexa9_0/include -MMD -MP -MF"src/helloworld.d" -MT"src/helloworld.o" -o "src/helloworld.o" "../src/helloworld.c"
Finished building: ../src/helloworld.c
 
Building target: test_uart.elf
Invoking: ARM v7 gcc linker
arm-none-eabi-gcc -mcpu=cortex-a9 -mfpu=vfpv3 -mfloat-abi=hard -Wl,-build-id=none -specs=Xilinx.spec -Wl,-T -Wl,../src/lscript.ld -L../../test_uart_bsp/ps7_cortexa9_0/lib -o "test_uart.elf"  ./src/helloworld.o ./src/platform.o   -Wl,--start-group,-lxil,-lgcc,-lc,--end-group
Finished building target: test_uart.elf
 
Invoking: ARM v7 Print Size
arm-none-eabi-size test_uart.elf  |tee "test_uart.elf.size"
   text	   data	    bss	    dec	    hex	filename
  77536	   2620	  23484	 103640	  194d8	test_uart.elf
Finished building: test_uart.elf.size
 

21:01:23 Build Finished (took 977ms)

